<html>
<body>
<pre>
<h1>µVision Build Log</h1>
<h2>Project:</h2>
C:\Users\jakub\Desktop\timer\timery.uvproj
Project File Date:  05/23/2023

<h2>Output:</h2>
Build target 'Target 1'
compiling timer.c...
timer.h(4): warning:  #1295-D: Deprecated declaration WaitOnTimer0Match0 - give arg types
linking...
Program Size: Code=1308 RO-data=32 RW-data=4 ZI-data=1260  
FromELF: creating hex file...
".\timery.axf" - 0 Errors, 1 Warning(s).
Build target 'Target 1'
linking...
Program Size: Code=1308 RO-data=32 RW-data=4 ZI-data=1260  
FromELF: creating hex file...
".\timery.axf" - 0 Errors, 0 Warning(s).
Build target 'Target 1'
linking...
Program Size: Code=1308 RO-data=32 RW-data=4 ZI-data=1260  
FromELF: creating hex file...
".\timery.axf" - 0 Errors, 0 Warning(s).
Build target 'Target 1'
linking...
Program Size: Code=1308 RO-data=32 RW-data=4 ZI-data=1260  
FromELF: creating hex file...
".\timery.axf" - 0 Errors, 0 Warning(s).
Build target 'Target 1'
compiling timer.c...
timer.h(4): warning:  #1295-D: Deprecated declaration WaitOnTimer0Match0 - give arg types
linking...
Program Size: Code=1308 RO-data=32 RW-data=4 ZI-data=1260  
FromELF: creating hex file...
".\timery.axf" - 0 Errors, 1 Warning(s).
Build target 'Target 1'
linking...
Program Size: Code=1308 RO-data=32 RW-data=4 ZI-data=1260  
FromELF: creating hex file...
".\timery.axf" - 0 Errors, 0 Warning(s).
